\set ECHO none
13
1..2
ok 1 - Schema pg_temp should not exist
ok 2 - Schema __cat_snap should not exist
# TRANSACTION INTENTIONALLY LEFT OPEN!
